[    3521ms] [WARNING] [Vue warn]: Missing required prop: "title" 
  at <Auth onVnodeUnmounted=fn<onVnodeUnmounted> ref=Ref< undefined > > 
  at <RouterView> 
  at <App> @ http://localhost:5174/node_modules/.vite/deps/chunk-U3LI7FBV.js?v=8bba344b:2115
[    3855ms] [VERBOSE] [DOM] Input elements should have autocomplete attributes (suggested: "current-password"): (More info: https://goo.gl/9p2vKq) %o @ http://localhost:5174/auth/login:0
[  147849ms] [INFO] [hmr] /src/layouts/App.vue failed to apply HMR as it's within a circular import. Reloading page to reset the execution order. To debug and break the circular import, you can run `vite --debug hmr` to log the circular dependency path if a file change triggered it. @ http://localhost:5174/@vite/client:898
[  147852ms] [ERROR] [vite] ReferenceError: Cannot access 'App' before initialization
    at http://localhost:5174/src/router/index.js?t=1781964835670:61:18 @ http://localhost:5174/@vite/client:881
[  147853ms] [ERROR] [vite] Failed to reload /src/layouts/App.vue. This could be due to syntax errors or importing non-existent modules. (see errors above) @ http://localhost:5174/@vite/client:881
[  148828ms] [WARNING] [Vue warn]: Missing required prop: "title" 
  at <Auth onVnodeUnmounted=fn<onVnodeUnmounted> ref=Ref< undefined > > 
  at <RouterView> 
  at <App> @ http://localhost:5174/node_modules/.vite/deps/chunk-U3LI7FBV.js?v=8bba344b:2115
[  148952ms] [VERBOSE] [DOM] Input elements should have autocomplete attributes (suggested: "current-password"): (More info: https://goo.gl/9p2vKq) %o @ http://localhost:5174/auth/login:0
[  308353ms] [INFO] [hmr] /src/layouts/App.vue failed to apply HMR as it's within a circular import. Reloading page to reset the execution order. To debug and break the circular import, you can run `vite --debug hmr` to log the circular dependency path if a file change triggered it. @ http://localhost:5174/@vite/client:898
[  308353ms] [ERROR] [vite] ReferenceError: Cannot access 'App' before initialization
    at http://localhost:5174/src/router/index.js?t=1781964996320:61:18 @ http://localhost:5174/@vite/client:881
[  308354ms] [ERROR] [vite] Failed to reload /src/layouts/App.vue. This could be due to syntax errors or importing non-existent modules. (see errors above) @ http://localhost:5174/@vite/client:881
[  308843ms] [WARNING] [Vue warn]: Missing required prop: "title" 
  at <Auth onVnodeUnmounted=fn<onVnodeUnmounted> ref=Ref< undefined > > 
  at <RouterView> 
  at <App> @ http://localhost:5174/node_modules/.vite/deps/chunk-U3LI7FBV.js?v=8bba344b:2115
[  308965ms] [VERBOSE] [DOM] Input elements should have autocomplete attributes (suggested: "current-password"): (More info: https://goo.gl/9p2vKq) %o @ http://localhost:5174/auth/login:0
[ 1377918ms] [LOG] [vite] server connection lost. Polling for restart... @ http://localhost:5174/@vite/client:963
[ 1378937ms] [WARNING] [Vue warn]: Missing required prop: "title" 
  at <Auth onVnodeUnmounted=fn<onVnodeUnmounted> ref=Ref< undefined > > 
  at <RouterView> 
  at <App> @ http://localhost:5174/node_modules/.vite/deps/chunk-U3LI7FBV.js?v=8bba344b:2115
[ 1379053ms] [VERBOSE] [DOM] Input elements should have autocomplete attributes (suggested: "current-password"): (More info: https://goo.gl/9p2vKq) %o @ http://localhost:5174/auth/login:0
[56249068ms] [LOG] [vite] server connection lost. Polling for restart... @ http://localhost:5174/@vite/client:963
[56249105ms] [ERROR] WebSocket connection to 'ws://localhost:5174/' failed: Error in connection establishment: net::ERR_SOCKET_NOT_CONNECTED @ http://localhost:5174/@vite/client:1034
[56255716ms] [WARNING] [Vue warn]: Missing required prop: "title" 
  at <Auth onVnodeUnmounted=fn<onVnodeUnmounted> ref=Ref< undefined > > 
  at <RouterView> 
  at <App> @ http://localhost:5174/node_modules/.vite/deps/chunk-U3LI7FBV.js?v=8bba344b:2115
[56255884ms] [VERBOSE] [DOM] Input elements should have autocomplete attributes (suggested: "current-password"): (More info: https://goo.gl/9p2vKq) %o @ http://localhost:5174/auth/login:0
[56259041ms] [LOG] [vite] server connection lost. Polling for restart... @ http://localhost:5174/@vite/client:963
[56259058ms] [ERROR] WebSocket connection to 'ws://localhost:5174/' failed: Error in connection establishment: net::ERR_CONNECTION_REFUSED @ http://localhost:5174/@vite/client:1034
[56260084ms] [ERROR] WebSocket connection to 'ws://localhost:5174/' failed: Error during WebSocket handshake: net::ERR_CONNECTION_RESET @ http://localhost:5174/@vite/client:1034
[56264364ms] [WARNING] [Vue warn]: Missing required prop: "title" 
  at <Auth onVnodeUnmounted=fn<onVnodeUnmounted> ref=Ref< undefined > > 
  at <RouterView> 
  at <App> @ http://localhost:5174/node_modules/.vite/deps/chunk-U3LI7FBV.js?v=8bba344b:2115
[56264497ms] [VERBOSE] [DOM] Input elements should have autocomplete attributes (suggested: "current-password"): (More info: https://goo.gl/9p2vKq) %o @ http://localhost:5174/auth/login:0
[56268309ms] [LOG] [vite] server connection lost. Polling for restart... @ http://localhost:5174/@vite/client:963
[56268339ms] [ERROR] WebSocket connection to 'ws://localhost:5174/' failed: Error in connection establishment: net::ERR_CONNECTION_REFUSED @ http://localhost:5174/@vite/client:1034
[56273040ms] [LOG] [vite] server connection lost. Polling for restart... @ http://localhost:5174/@vite/client:963
[56273052ms] [ERROR] Failed to load resource: net::ERR_CONNECTION_REFUSED @ http://localhost:5174/src/helpers/permissionHelper.js:0
[56273060ms] [ERROR] WebSocket connection to 'ws://localhost:5174/' failed: Error in connection establishment: net::ERR_CONNECTION_REFUSED @ http://localhost:5174/@vite/client:1034
[56273071ms] [ERROR] Failed to load resource: net::ERR_CONNECTION_REFUSED @ http://localhost:5174/favicon.ico:0
[56275650ms] [LOG] [vite] server connection lost. Polling for restart... @ http://localhost:5174/@vite/client:963
[56275844ms] [WARNING] [Vue warn]: Missing required prop: "title" 
  at <Auth onVnodeUnmounted=fn<onVnodeUnmounted> ref=Ref< undefined > > 
  at <RouterView> 
  at <App> @ http://localhost:5174/node_modules/.vite/deps/chunk-U3LI7FBV.js?v=8bba344b:2115
[56275962ms] [VERBOSE] [DOM] Input elements should have autocomplete attributes (suggested: "current-password"): (More info: https://goo.gl/9p2vKq) %o @ http://localhost:5174/auth/login:0
[56276975ms] [LOG] [vite] server connection lost. Polling for restart... @ http://localhost:5174/@vite/client:963
[56276985ms] [ERROR] Failed to load resource: net::ERR_CONNECTION_REFUSED @ http://localhost:5174/src/components/app/Navbar.vue:0
[56276992ms] [ERROR] Failed to load resource: net::ERR_CONNECTION_REFUSED @ http://localhost:5174/src/stores/toast.js:0
[56276992ms] [ERROR] Failed to load resource: net::ERR_CONNECTION_REFUSED @ http://localhost:5174/src/helpers/permissionHelper.js:0
[56276999ms] [ERROR] WebSocket connection to 'ws://localhost:5174/' failed: Error in connection establishment: net::ERR_CONNECTION_REFUSED @ http://localhost:5174/@vite/client:1034
[56279159ms] [LOG] [vite] server connection lost. Polling for restart... @ http://localhost:5174/@vite/client:963
[56279174ms] [ERROR] Failed to load resource: net::ERR_CONNECTION_REFUSED @ http://localhost:5174/src/plugins/axios.js:0
[56279184ms] [ERROR] Failed to load resource: net::ERR_CONNECTION_REFUSED @ http://localhost:5174/src/components/app/Navbar.vue:0
[56279186ms] [ERROR] Failed to load resource: net::ERR_CONNECTION_REFUSED @ http://localhost:5174/src/helpers/errorHelper.js:0
[56279193ms] [ERROR] Failed to load resource: net::ERR_CONNECTION_REFUSED @ http://localhost:5174/src/components/admin/Sidebar.vue:0
[56279195ms] [ERROR] Failed to load resource: net::ERR_CONNECTION_REFUSED @ http://localhost:5174/src/stores/toast.js:0
[56279200ms] [ERROR] Failed to load resource: net::ERR_CONNECTION_REFUSED @ http://localhost:5174/favicon.ico:0
[56279200ms] [ERROR] WebSocket connection to 'ws://localhost:5174/' failed: Error in connection establishment: net::ERR_CONNECTION_REFUSED @ http://localhost:5174/@vite/client:1034
[56280815ms] [WARNING] [Vue warn]: Missing required prop: "title" 
  at <Auth onVnodeUnmounted=fn<onVnodeUnmounted> ref=Ref< undefined > > 
  at <RouterView> 
  at <App> @ http://localhost:5174/node_modules/.vite/deps/chunk-U3LI7FBV.js?v=8bba344b:2115
[56280921ms] [VERBOSE] [DOM] Input elements should have autocomplete attributes (suggested: "current-password"): (More info: https://goo.gl/9p2vKq) %o @ http://localhost:5174/auth/login:0
[56283895ms] [LOG] [vite] server connection lost. Polling for restart... @ http://localhost:5174/@vite/client:963
[56283903ms] [ERROR] WebSocket connection to 'ws://localhost:5174/' failed: Error in connection establishment: net::ERR_CONNECTION_REFUSED @ http://localhost:5174/@vite/client:1034
[56285560ms] [WARNING] [Vue warn]: Missing required prop: "title" 
  at <Auth onVnodeUnmounted=fn<onVnodeUnmounted> ref=Ref< undefined > > 
  at <RouterView> 
  at <App> @ http://localhost:5174/node_modules/.vite/deps/chunk-U3LI7FBV.js?v=8bba344b:2115
[56285673ms] [VERBOSE] [DOM] Input elements should have autocomplete attributes (suggested: "current-password"): (More info: https://goo.gl/9p2vKq) %o @ http://localhost:5174/auth/login:0
[56286389ms] [LOG] [vite] server connection lost. Polling for restart... @ http://localhost:5174/@vite/client:963
[56286401ms] [ERROR] WebSocket connection to 'ws://localhost:5174/' failed: Error in connection establishment: net::ERR_CONNECTION_REFUSED @ http://localhost:5174/@vite/client:1034
[56289437ms] [WARNING] [Vue warn]: Missing required prop: "title" 
  at <Auth onVnodeUnmounted=fn<onVnodeUnmounted> ref=Ref< undefined > > 
  at <RouterView> 
  at <App> @ http://localhost:5174/node_modules/.vite/deps/chunk-U3LI7FBV.js?v=8bba344b:2115
[56289574ms] [VERBOSE] [DOM] Input elements should have autocomplete attributes (suggested: "current-password"): (More info: https://goo.gl/9p2vKq) %o @ http://localhost:5174/auth/login:0
[56304137ms] [LOG] [vite] server connection lost. Polling for restart... @ http://localhost:5174/@vite/client:963
[56304149ms] [ERROR] WebSocket connection to 'ws://localhost:5174/' failed: Error in connection establishment: net::ERR_CONNECTION_REFUSED @ http://localhost:5174/@vite/client:1034
[56307314ms] [WARNING] [Vue warn]: Missing required prop: "title" 
  at <Auth onVnodeUnmounted=fn<onVnodeUnmounted> ref=Ref< undefined > > 
  at <RouterView> 
  at <App> @ http://localhost:5174/node_modules/.vite/deps/chunk-U3LI7FBV.js?v=8bba344b:2115
[56307454ms] [VERBOSE] [DOM] Input elements should have autocomplete attributes (suggested: "current-password"): (More info: https://goo.gl/9p2vKq) %o @ http://localhost:5174/auth/login:0
[56387533ms] [LOG] [vite] server connection lost. Polling for restart... @ http://localhost:5174/@vite/client:963
[56387564ms] [ERROR] WebSocket connection to 'ws://localhost:5174/' failed: Error in connection establishment: net::ERR_CONNECTION_REFUSED @ http://localhost:5174/@vite/client:1034
[56389601ms] [WARNING] [Vue warn]: Missing required prop: "title" 
  at <Auth onVnodeUnmounted=fn<onVnodeUnmounted> ref=Ref< undefined > > 
  at <RouterView> 
  at <App> @ http://localhost:5174/node_modules/.vite/deps/chunk-U3LI7FBV.js?v=8bba344b:2115
[56389724ms] [VERBOSE] [DOM] Input elements should have autocomplete attributes (suggested: "current-password"): (More info: https://goo.gl/9p2vKq) %o @ http://localhost:5174/auth/login:0
[57831290ms] [INFO] [hmr] /src/layouts/App.vue failed to apply HMR as it's within a circular import. Reloading page to reset the execution order. To debug and break the circular import, you can run `vite --debug hmr` to log the circular dependency path if a file change triggered it. @ http://localhost:5174/@vite/client:898
[57831290ms] [ERROR] [vite] ReferenceError: Cannot access 'App' before initialization
    at http://localhost:5174/src/router/index.js?t=1782022518625:61:18 @ http://localhost:5174/@vite/client:881
[57831290ms] [ERROR] [vite] Failed to reload /src/layouts/App.vue. This could be due to syntax errors or importing non-existent modules. (see errors above) @ http://localhost:5174/@vite/client:881
[57832458ms] [WARNING] [Vue warn]: Missing required prop: "title" 
  at <Auth onVnodeUnmounted=fn<onVnodeUnmounted> ref=Ref< undefined > > 
  at <RouterView> 
  at <App> @ http://localhost:5174/node_modules/.vite/deps/chunk-U3LI7FBV.js?v=8bba344b:2115
[57832590ms] [VERBOSE] [DOM] Input elements should have autocomplete attributes (suggested: "current-password"): (More info: https://goo.gl/9p2vKq) %o @ http://localhost:5174/auth/login:0
[62587316ms] [WARNING] [Vue warn]: Missing required prop: "title" 
  at <Auth onVnodeUnmounted=fn<onVnodeUnmounted> ref=Ref< undefined > > 
  at <RouterView> 
  at <App> @ http://localhost:5174/node_modules/.vite/deps/chunk-U3LI7FBV.js?v=8bba344b:2115
[62587442ms] [VERBOSE] [DOM] Input elements should have autocomplete attributes (suggested: "current-password"): (More info: https://goo.gl/9p2vKq) %o @ http://localhost:5174/auth/login:0
[62595029ms] [WARNING] [Vue warn]: Missing required prop: "title" 
  at <Auth onVnodeUnmounted=fn<onVnodeUnmounted> ref=Ref< undefined > > 
  at <RouterView> 
  at <App> @ http://localhost:5174/node_modules/.vite/deps/chunk-U3LI7FBV.js?v=8bba344b:2115
[62595155ms] [VERBOSE] [DOM] Input elements should have autocomplete attributes (suggested: "current-password"): (More info: https://goo.gl/9p2vKq) %o @ http://localhost:5174/auth/login:0
[62603854ms] [WARNING] [Vue warn]: Missing required prop: "title" 
  at <Auth onVnodeUnmounted=fn<onVnodeUnmounted> ref=Ref< undefined > > 
  at <RouterView> 
  at <App> @ http://localhost:5174/node_modules/.vite/deps/chunk-U3LI7FBV.js?v=8bba344b:2115
[62603974ms] [VERBOSE] [DOM] Input elements should have autocomplete attributes (suggested: "current-password"): (More info: https://goo.gl/9p2vKq) %o @ http://localhost:5174/auth/login:0
[62608395ms] [WARNING] [Vue warn]: Missing required prop: "title" 
  at <Auth onVnodeUnmounted=fn<onVnodeUnmounted> ref=Ref< undefined > > 
  at <RouterView> 
  at <App> @ http://localhost:5174/node_modules/.vite/deps/chunk-U3LI7FBV.js?v=8bba344b:2115
[62608501ms] [VERBOSE] [DOM] Input elements should have autocomplete attributes (suggested: "current-password"): (More info: https://goo.gl/9p2vKq) %o @ http://localhost:5174/auth/login:0
[62612803ms] [WARNING] [Vue warn]: Missing required prop: "title" 
  at <Auth onVnodeUnmounted=fn<onVnodeUnmounted> ref=Ref< undefined > > 
  at <RouterView> 
  at <App> @ http://localhost:5174/node_modules/.vite/deps/chunk-U3LI7FBV.js?v=8bba344b:2115
[62612909ms] [VERBOSE] [DOM] Input elements should have autocomplete attributes (suggested: "current-password"): (More info: https://goo.gl/9p2vKq) %o @ http://localhost:5174/auth/login:0
[62626116ms] [WARNING] [Vue warn]: Missing required prop: "title" 
  at <Auth onVnodeUnmounted=fn<onVnodeUnmounted> ref=Ref< undefined > > 
  at <RouterView> 
  at <App> @ http://localhost:5174/node_modules/.vite/deps/chunk-U3LI7FBV.js?v=8bba344b:2115
[62626235ms] [VERBOSE] [DOM] Input elements should have autocomplete attributes (suggested: "current-password"): (More info: https://goo.gl/9p2vKq) %o @ http://localhost:5174/auth/login:0
[62645326ms] [WARNING] [Vue warn]: Missing required prop: "title" 
  at <Auth onVnodeUnmounted=fn<onVnodeUnmounted> ref=Ref< undefined > > 
  at <RouterView> 
  at <App> @ http://localhost:5174/node_modules/.vite/deps/chunk-U3LI7FBV.js?v=8bba344b:2115
[62645544ms] [VERBOSE] [DOM] Input elements should have autocomplete attributes (suggested: "current-password"): (More info: https://goo.gl/9p2vKq) %o @ http://localhost:5174/auth/login:0
[62659208ms] [WARNING] [Vue warn]: Missing required prop: "title" 
  at <Auth onVnodeUnmounted=fn<onVnodeUnmounted> ref=Ref< undefined > > 
  at <RouterView> 
  at <App> @ http://localhost:5174/node_modules/.vite/deps/chunk-U3LI7FBV.js?v=8bba344b:2115
[62659358ms] [VERBOSE] [DOM] Input elements should have autocomplete attributes (suggested: "current-password"): (More info: https://goo.gl/9p2vKq) %o @ http://localhost:5174/auth/login:0
[62662917ms] [WARNING] [Vue warn]: Missing required prop: "title" 
  at <Auth onVnodeUnmounted=fn<onVnodeUnmounted> ref=Ref< undefined > > 
  at <RouterView> 
  at <App> @ http://localhost:5174/node_modules/.vite/deps/chunk-U3LI7FBV.js?v=8bba344b:2115
[62663024ms] [VERBOSE] [DOM] Input elements should have autocomplete attributes (suggested: "current-password"): (More info: https://goo.gl/9p2vKq) %o @ http://localhost:5174/auth/login:0
[62673646ms] [WARNING] [Vue warn]: Missing required prop: "title" 
  at <Auth onVnodeUnmounted=fn<onVnodeUnmounted> ref=Ref< undefined > > 
  at <RouterView> 
  at <App> @ http://localhost:5174/node_modules/.vite/deps/chunk-U3LI7FBV.js?v=8bba344b:2115
[62673859ms] [VERBOSE] [DOM] Input elements should have autocomplete attributes (suggested: "current-password"): (More info: https://goo.gl/9p2vKq) %o @ http://localhost:5174/auth/login:0
[62692436ms] [WARNING] [Vue warn]: Missing required prop: "title" 
  at <Auth onVnodeUnmounted=fn<onVnodeUnmounted> ref=Ref< undefined > > 
  at <RouterView> 
  at <App> @ http://localhost:5174/node_modules/.vite/deps/chunk-U3LI7FBV.js?v=8bba344b:2115
[62692543ms] [VERBOSE] [DOM] Input elements should have autocomplete attributes (suggested: "current-password"): (More info: https://goo.gl/9p2vKq) %o @ http://localhost:5174/auth/login:0
[62706314ms] [WARNING] [Vue warn]: Missing required prop: "title" 
  at <Auth onVnodeUnmounted=fn<onVnodeUnmounted> ref=Ref< undefined > > 
  at <RouterView> 
  at <App> @ http://localhost:5174/node_modules/.vite/deps/chunk-U3LI7FBV.js?v=8bba344b:2115
[62706455ms] [VERBOSE] [DOM] Input elements should have autocomplete attributes (suggested: "current-password"): (More info: https://goo.gl/9p2vKq) %o @ http://localhost:5174/auth/login:0
[62716514ms] [WARNING] [Vue warn]: Missing required prop: "title" 
  at <Auth onVnodeUnmounted=fn<onVnodeUnmounted> ref=Ref< undefined > > 
  at <RouterView> 
  at <App> @ http://localhost:5174/node_modules/.vite/deps/chunk-U3LI7FBV.js?v=8bba344b:2115
[62716679ms] [VERBOSE] [DOM] Input elements should have autocomplete attributes (suggested: "current-password"): (More info: https://goo.gl/9p2vKq) %o @ http://localhost:5174/auth/login:0
[62728257ms] [WARNING] [Vue warn]: Missing required prop: "title" 
  at <Auth onVnodeUnmounted=fn<onVnodeUnmounted> ref=Ref< undefined > > 
  at <RouterView> 
  at <App> @ http://localhost:5174/node_modules/.vite/deps/chunk-U3LI7FBV.js?v=8bba344b:2115
[62728372ms] [VERBOSE] [DOM] Input elements should have autocomplete attributes (suggested: "current-password"): (More info: https://goo.gl/9p2vKq) %o @ http://localhost:5174/auth/login:0
[62737749ms] [WARNING] [Vue warn]: Missing required prop: "title" 
  at <Auth onVnodeUnmounted=fn<onVnodeUnmounted> ref=Ref< undefined > > 
  at <RouterView> 
  at <App> @ http://localhost:5174/node_modules/.vite/deps/chunk-U3LI7FBV.js?v=8bba344b:2115
[62737873ms] [VERBOSE] [DOM] Input elements should have autocomplete attributes (suggested: "current-password"): (More info: https://goo.gl/9p2vKq) %o @ http://localhost:5174/auth/login:0
[62749076ms] [WARNING] [Vue warn]: Missing required prop: "title" 
  at <Auth onVnodeUnmounted=fn<onVnodeUnmounted> ref=Ref< undefined > > 
  at <RouterView> 
  at <App> @ http://localhost:5174/node_modules/.vite/deps/chunk-U3LI7FBV.js?v=8bba344b:2115
[62749183ms] [VERBOSE] [DOM] Input elements should have autocomplete attributes (suggested: "current-password"): (More info: https://goo.gl/9p2vKq) %o @ http://localhost:5174/auth/login:0
[62761770ms] [WARNING] [Vue warn]: Missing required prop: "title" 
  at <Auth onVnodeUnmounted=fn<onVnodeUnmounted> ref=Ref< undefined > > 
  at <RouterView> 
  at <App> @ http://localhost:5174/node_modules/.vite/deps/chunk-U3LI7FBV.js?v=8bba344b:2115
[62761884ms] [VERBOSE] [DOM] Input elements should have autocomplete attributes (suggested: "current-password"): (More info: https://goo.gl/9p2vKq) %o @ http://localhost:5174/auth/login:0
[62772651ms] [WARNING] [Vue warn]: Missing required prop: "title" 
  at <Auth onVnodeUnmounted=fn<onVnodeUnmounted> ref=Ref< undefined > > 
  at <RouterView> 
  at <App> @ http://localhost:5174/node_modules/.vite/deps/chunk-U3LI7FBV.js?v=8bba344b:2115
[62772780ms] [VERBOSE] [DOM] Input elements should have autocomplete attributes (suggested: "current-password"): (More info: https://goo.gl/9p2vKq) %o @ http://localhost:5174/auth/login:0
[62784400ms] [WARNING] [Vue warn]: Missing required prop: "title" 
  at <Auth onVnodeUnmounted=fn<onVnodeUnmounted> ref=Ref< undefined > > 
  at <RouterView> 
  at <App> @ http://localhost:5174/node_modules/.vite/deps/chunk-U3LI7FBV.js?v=8bba344b:2115
[62784519ms] [VERBOSE] [DOM] Input elements should have autocomplete attributes (suggested: "current-password"): (More info: https://goo.gl/9p2vKq) %o @ http://localhost:5174/auth/login:0
[62799770ms] [WARNING] [Vue warn]: Missing required prop: "title" 
  at <Auth onVnodeUnmounted=fn<onVnodeUnmounted> ref=Ref< undefined > > 
  at <RouterView> 
  at <App> @ http://localhost:5174/node_modules/.vite/deps/chunk-U3LI7FBV.js?v=8bba344b:2115
[62799904ms] [VERBOSE] [DOM] Input elements should have autocomplete attributes (suggested: "current-password"): (More info: https://goo.gl/9p2vKq) %o @ http://localhost:5174/auth/login:0
[62819836ms] [WARNING] [Vue warn]: Missing required prop: "title" 
  at <Auth onVnodeUnmounted=fn<onVnodeUnmounted> ref=Ref< undefined > > 
  at <RouterView> 
  at <App> @ http://localhost:5174/node_modules/.vite/deps/chunk-U3LI7FBV.js?v=8bba344b:2115
[62820018ms] [VERBOSE] [DOM] Input elements should have autocomplete attributes (suggested: "current-password"): (More info: https://goo.gl/9p2vKq) %o @ http://localhost:5174/auth/login:0
[62837624ms] [WARNING] [Vue warn]: Missing required prop: "title" 
  at <Auth onVnodeUnmounted=fn<onVnodeUnmounted> ref=Ref< undefined > > 
  at <RouterView> 
  at <App> @ http://localhost:5174/node_modules/.vite/deps/chunk-U3LI7FBV.js?v=8bba344b:2115
[62837753ms] [VERBOSE] [DOM] Input elements should have autocomplete attributes (suggested: "current-password"): (More info: https://goo.gl/9p2vKq) %o @ http://localhost:5174/auth/login:0
[62855582ms] [WARNING] [Vue warn]: Missing required prop: "title" 
  at <Auth onVnodeUnmounted=fn<onVnodeUnmounted> ref=Ref< undefined > > 
  at <RouterView> 
  at <App> @ http://localhost:5174/node_modules/.vite/deps/chunk-U3LI7FBV.js?v=8bba344b:2115
[62855720ms] [VERBOSE] [DOM] Input elements should have autocomplete attributes (suggested: "current-password"): (More info: https://goo.gl/9p2vKq) %o @ http://localhost:5174/auth/login:0
[62877114ms] [WARNING] [Vue warn]: Missing required prop: "title" 
  at <Auth onVnodeUnmounted=fn<onVnodeUnmounted> ref=Ref< undefined > > 
  at <RouterView> 
  at <App> @ http://localhost:5174/node_modules/.vite/deps/chunk-U3LI7FBV.js?v=8bba344b:2115
[62877329ms] [VERBOSE] [DOM] Input elements should have autocomplete attributes (suggested: "current-password"): (More info: https://goo.gl/9p2vKq) %o @ http://localhost:5174/auth/login:0
[62890747ms] [WARNING] [Vue warn]: Missing required prop: "title" 
  at <Auth onVnodeUnmounted=fn<onVnodeUnmounted> ref=Ref< undefined > > 
  at <RouterView> 
  at <App> @ http://localhost:5174/node_modules/.vite/deps/chunk-U3LI7FBV.js?v=8bba344b:2115
[62890904ms] [VERBOSE] [DOM] Input elements should have autocomplete attributes (suggested: "current-password"): (More info: https://goo.gl/9p2vKq) %o @ http://localhost:5174/auth/login:0
[62903967ms] [WARNING] [Vue warn]: Missing required prop: "title" 
  at <Auth onVnodeUnmounted=fn<onVnodeUnmounted> ref=Ref< undefined > > 
  at <RouterView> 
  at <App> @ http://localhost:5174/node_modules/.vite/deps/chunk-U3LI7FBV.js?v=8bba344b:2115
[62904129ms] [VERBOSE] [DOM] Input elements should have autocomplete attributes (suggested: "current-password"): (More info: https://goo.gl/9p2vKq) %o @ http://localhost:5174/auth/login:0
[62916031ms] [WARNING] [Vue warn]: Missing required prop: "title" 
  at <Auth onVnodeUnmounted=fn<onVnodeUnmounted> ref=Ref< undefined > > 
  at <RouterView> 
  at <App> @ http://localhost:5174/node_modules/.vite/deps/chunk-U3LI7FBV.js?v=8bba344b:2115
[62916206ms] [VERBOSE] [DOM] Input elements should have autocomplete attributes (suggested: "current-password"): (More info: https://goo.gl/9p2vKq) %o @ http://localhost:5174/auth/login:0
[63038063ms] [WARNING] [Vue warn]: Missing required prop: "title" 
  at <Auth onVnodeUnmounted=fn<onVnodeUnmounted> ref=Ref< undefined > > 
  at <RouterView> 
  at <App> @ http://localhost:5174/node_modules/.vite/deps/chunk-U3LI7FBV.js?v=8bba344b:2115
[63038225ms] [VERBOSE] [DOM] Input elements should have autocomplete attributes (suggested: "current-password"): (More info: https://goo.gl/9p2vKq) %o @ http://localhost:5174/auth/login:0
[63227992ms] [WARNING] [Vue warn]: Missing required prop: "title" 
  at <Auth onVnodeUnmounted=fn<onVnodeUnmounted> ref=Ref< undefined > > 
  at <RouterView> 
  at <App> @ http://localhost:5174/node_modules/.vite/deps/chunk-U3LI7FBV.js?v=8bba344b:2115
[63228121ms] [VERBOSE] [DOM] Input elements should have autocomplete attributes (suggested: "current-password"): (More info: https://goo.gl/9p2vKq) %o @ http://localhost:5174/auth/login:0
[63238320ms] [WARNING] [Vue warn]: Missing required prop: "title" 
  at <Auth onVnodeUnmounted=fn<onVnodeUnmounted> ref=Ref< undefined > > 
  at <RouterView> 
  at <App> @ http://localhost:5174/node_modules/.vite/deps/chunk-U3LI7FBV.js?v=8bba344b:2115
[63238463ms] [VERBOSE] [DOM] Input elements should have autocomplete attributes (suggested: "current-password"): (More info: https://goo.gl/9p2vKq) %o @ http://localhost:5174/auth/login:0
[63463712ms] [INFO] [hmr] /src/layouts/App.vue failed to apply HMR as it's within a circular import. Reloading page to reset the execution order. To debug and break the circular import, you can run `vite --debug hmr` to log the circular dependency path if a file change triggered it. @ http://localhost:5174/@vite/client:898
[63463713ms] [ERROR] [vite] ReferenceError: Cannot access 'App' before initialization
    at http://localhost:5174/src/router/index.js?t=1782028151388:64:18 @ http://localhost:5174/@vite/client:881
[63463714ms] [ERROR] [vite] Failed to reload /src/layouts/App.vue. This could be due to syntax errors or importing non-existent modules. (see errors above) @ http://localhost:5174/@vite/client:881
[63465219ms] [WARNING] [Vue warn]: Missing required prop: "title" 
  at <Auth onVnodeUnmounted=fn<onVnodeUnmounted> ref=Ref< undefined > > 
  at <RouterView> 
  at <App> @ http://localhost:5174/node_modules/.vite/deps/chunk-U3LI7FBV.js?v=8bba344b:2115
[63465470ms] [VERBOSE] [DOM] Input elements should have autocomplete attributes (suggested: "current-password"): (More info: https://goo.gl/9p2vKq) %o @ http://localhost:5174/auth/login:0
[63478536ms] [INFO] [hmr] /src/layouts/App.vue failed to apply HMR as it's within a circular import. Reloading page to reset the execution order. To debug and break the circular import, you can run `vite --debug hmr` to log the circular dependency path if a file change triggered it. @ http://localhost:5174/@vite/client:898
[63478537ms] [ERROR] [vite] ReferenceError: Cannot access 'App' before initialization
    at http://localhost:5174/src/router/index.js?t=1782028166644:64:18 @ http://localhost:5174/@vite/client:881
[63478537ms] [ERROR] [vite] Failed to reload /src/layouts/App.vue. This could be due to syntax errors or importing non-existent modules. (see errors above) @ http://localhost:5174/@vite/client:881
[63479458ms] [WARNING] [Vue warn]: Missing required prop: "title" 
  at <Auth onVnodeUnmounted=fn<onVnodeUnmounted> ref=Ref< undefined > > 
  at <RouterView> 
  at <App> @ http://localhost:5174/node_modules/.vite/deps/chunk-U3LI7FBV.js?v=8bba344b:2115
[63479588ms] [VERBOSE] [DOM] Input elements should have autocomplete attributes (suggested: "current-password"): (More info: https://goo.gl/9p2vKq) %o @ http://localhost:5174/auth/login:0
[64512329ms] [INFO] [hmr] /src/layouts/App.vue failed to apply HMR as it's within a circular import. Reloading page to reset the execution order. To debug and break the circular import, you can run `vite --debug hmr` to log the circular dependency path if a file change triggered it. @ http://localhost:5174/@vite/client:898
[64512333ms] [ERROR] [vite] ReferenceError: Cannot access 'App' before initialization
    at http://localhost:5174/src/router/index.js?t=1782029199946:64:18 @ http://localhost:5174/@vite/client:881
[64512333ms] [ERROR] [vite] Failed to reload /src/layouts/App.vue. This could be due to syntax errors or importing non-existent modules. (see errors above) @ http://localhost:5174/@vite/client:881
[64513988ms] [WARNING] [Vue warn]: Missing required prop: "title" 
  at <Auth onVnodeUnmounted=fn<onVnodeUnmounted> ref=Ref< undefined > > 
  at <RouterView> 
  at <App> @ http://localhost:5174/node_modules/.vite/deps/chunk-U3LI7FBV.js?v=8bba344b:2115
[64514126ms] [VERBOSE] [DOM] Input elements should have autocomplete attributes (suggested: "current-password"): (More info: https://goo.gl/9p2vKq) %o @ http://localhost:5174/auth/login:0
[65378972ms] [WARNING] [Vue warn]: Missing required prop: "title" 
  at <Auth onVnodeUnmounted=fn<onVnodeUnmounted> ref=Ref< undefined > > 
  at <RouterView> 
  at <App> @ http://localhost:5174/node_modules/.vite/deps/chunk-U3LI7FBV.js?v=8bba344b:2115
[65379103ms] [VERBOSE] [DOM] Input elements should have autocomplete attributes (suggested: "current-password"): (More info: https://goo.gl/9p2vKq) %o @ http://localhost:5174/auth/login:0
[66324645ms] [WARNING] [Vue warn]: Missing required prop: "title" 
  at <Auth onVnodeUnmounted=fn<onVnodeUnmounted> ref=Ref< undefined > > 
  at <RouterView> 
  at <App> @ http://localhost:5174/node_modules/.vite/deps/chunk-U3LI7FBV.js?v=8bba344b:2115
[66324758ms] [VERBOSE] [DOM] Input elements should have autocomplete attributes (suggested: "current-password"): (More info: https://goo.gl/9p2vKq) %o @ http://localhost:5174/auth/login:0
[66383261ms] [WARNING] [Vue warn]: Missing required prop: "title" 
  at <Auth onVnodeUnmounted=fn<onVnodeUnmounted> ref=Ref< undefined > > 
  at <RouterView> 
  at <App> @ http://localhost:5174/node_modules/.vite/deps/chunk-U3LI7FBV.js?v=8bba344b:2115
[66383398ms] [VERBOSE] [DOM] Input elements should have autocomplete attributes (suggested: "current-password"): (More info: https://goo.gl/9p2vKq) %o @ http://localhost:5174/auth/login:0
[66423163ms] [WARNING] [Vue warn]: Missing required prop: "title" 
  at <Auth onVnodeUnmounted=fn<onVnodeUnmounted> ref=Ref< undefined > > 
  at <RouterView> 
  at <App> @ http://localhost:5174/node_modules/.vite/deps/chunk-U3LI7FBV.js?v=8bba344b:2115
[66423269ms] [VERBOSE] [DOM] Input elements should have autocomplete attributes (suggested: "current-password"): (More info: https://goo.gl/9p2vKq) %o @ http://localhost:5174/auth/login:0
[66450932ms] [WARNING] [Vue warn]: Missing required prop: "title" 
  at <Auth onVnodeUnmounted=fn<onVnodeUnmounted> ref=Ref< undefined > > 
  at <RouterView> 
  at <App> @ http://localhost:5174/node_modules/.vite/deps/chunk-U3LI7FBV.js?v=8bba344b:2115
[66451054ms] [VERBOSE] [DOM] Input elements should have autocomplete attributes (suggested: "current-password"): (More info: https://goo.gl/9p2vKq) %o @ http://localhost:5174/auth/login:0
[66628630ms] [WARNING] [Vue warn]: Missing required prop: "title" 
  at <Auth onVnodeUnmounted=fn<onVnodeUnmounted> ref=Ref< undefined > > 
  at <RouterView> 
  at <App> @ http://localhost:5174/node_modules/.vite/deps/chunk-U3LI7FBV.js?v=8bba344b:2115
[66628763ms] [VERBOSE] [DOM] Input elements should have autocomplete attributes (suggested: "current-password"): (More info: https://goo.gl/9p2vKq) %o @ http://localhost:5174/auth/login:0
[66640216ms] [WARNING] [Vue warn]: Missing required prop: "title" 
  at <Auth onVnodeUnmounted=fn<onVnodeUnmounted> ref=Ref< undefined > > 
  at <RouterView> 
  at <App> @ http://localhost:5174/node_modules/.vite/deps/chunk-U3LI7FBV.js?v=8bba344b:2115
[66640332ms] [VERBOSE] [DOM] Input elements should have autocomplete attributes (suggested: "current-password"): (More info: https://goo.gl/9p2vKq) %o @ http://localhost:5174/auth/login:0
[66668063ms] [WARNING] [Vue warn]: Missing required prop: "title" 
  at <Auth onVnodeUnmounted=fn<onVnodeUnmounted> ref=Ref< undefined > > 
  at <RouterView> 
  at <App> @ http://localhost:5174/node_modules/.vite/deps/chunk-U3LI7FBV.js?v=8bba344b:2115
[66668172ms] [VERBOSE] [DOM] Input elements should have autocomplete attributes (suggested: "current-password"): (More info: https://goo.gl/9p2vKq) %o @ http://localhost:5174/auth/login:0
[66940284ms] [WARNING] [Vue warn]: Missing required prop: "title" 
  at <Auth onVnodeUnmounted=fn<onVnodeUnmounted> ref=Ref< undefined > > 
  at <RouterView> 
  at <App> @ http://localhost:5174/node_modules/.vite/deps/chunk-U3LI7FBV.js?v=8bba344b:2115
[66940401ms] [VERBOSE] [DOM] Input elements should have autocomplete attributes (suggested: "current-password"): (More info: https://goo.gl/9p2vKq) %o @ http://localhost:5174/auth/login:0
[66959285ms] [WARNING] [Vue warn]: Missing required prop: "title" 
  at <Auth onVnodeUnmounted=fn<onVnodeUnmounted> ref=Ref< undefined > > 
  at <RouterView> 
  at <App> @ http://localhost:5174/node_modules/.vite/deps/chunk-U3LI7FBV.js?v=8bba344b:2115
[66959412ms] [VERBOSE] [DOM] Input elements should have autocomplete attributes (suggested: "current-password"): (More info: https://goo.gl/9p2vKq) %o @ http://localhost:5174/auth/login:0
[66973382ms] [WARNING] [Vue warn]: Missing required prop: "title" 
  at <Auth onVnodeUnmounted=fn<onVnodeUnmounted> ref=Ref< undefined > > 
  at <RouterView> 
  at <App> @ http://localhost:5174/node_modules/.vite/deps/chunk-U3LI7FBV.js?v=8bba344b:2115
[66973485ms] [VERBOSE] [DOM] Input elements should have autocomplete attributes (suggested: "current-password"): (More info: https://goo.gl/9p2vKq) %o @ http://localhost:5174/auth/login:0
[67028735ms] [WARNING] [Vue warn]: Missing required prop: "title" 
  at <Auth onVnodeUnmounted=fn<onVnodeUnmounted> ref=Ref< undefined > > 
  at <RouterView> 
  at <App> @ http://localhost:5174/node_modules/.vite/deps/chunk-U3LI7FBV.js?v=8bba344b:2115
[67028853ms] [VERBOSE] [DOM] Input elements should have autocomplete attributes (suggested: "current-password"): (More info: https://goo.gl/9p2vKq) %o @ http://localhost:5174/auth/login:0
[67389425ms] [WARNING] [Vue warn]: Missing required prop: "title" 
  at <Auth onVnodeUnmounted=fn<onVnodeUnmounted> ref=Ref< undefined > > 
  at <RouterView> 
  at <App> @ http://localhost:5174/node_modules/.vite/deps/chunk-U3LI7FBV.js?v=8bba344b:2115
[67389543ms] [VERBOSE] [DOM] Input elements should have autocomplete attributes (suggested: "current-password"): (More info: https://goo.gl/9p2vKq) %o @ http://localhost:5174/auth/login:0
[67688874ms] [WARNING] [Vue warn]: Missing required prop: "title" 
  at <Auth onVnodeUnmounted=fn<onVnodeUnmounted> ref=Ref< undefined > > 
  at <RouterView> 
  at <App> @ http://localhost:5174/node_modules/.vite/deps/chunk-U3LI7FBV.js?v=8bba344b:2115
[67689015ms] [VERBOSE] [DOM] Input elements should have autocomplete attributes (suggested: "current-password"): (More info: https://goo.gl/9p2vKq) %o @ http://localhost:5174/auth/login:0
[68005040ms] [WARNING] [Vue warn]: Missing required prop: "title" 
  at <Auth onVnodeUnmounted=fn<onVnodeUnmounted> ref=Ref< undefined > > 
  at <RouterView> 
  at <App> @ http://localhost:5174/node_modules/.vite/deps/chunk-U3LI7FBV.js?v=8bba344b:2115
[68005147ms] [VERBOSE] [DOM] Input elements should have autocomplete attributes (suggested: "current-password"): (More info: https://goo.gl/9p2vKq) %o @ http://localhost:5174/auth/login:0
[68030244ms] [WARNING] [Vue warn]: Missing required prop: "title" 
  at <Auth onVnodeUnmounted=fn<onVnodeUnmounted> ref=Ref< undefined > > 
  at <RouterView> 
  at <App> @ http://localhost:5174/node_modules/.vite/deps/chunk-U3LI7FBV.js?v=8bba344b:2115
[68030357ms] [VERBOSE] [DOM] Input elements should have autocomplete attributes (suggested: "current-password"): (More info: https://goo.gl/9p2vKq) %o @ http://localhost:5174/auth/login:0
[68127775ms] [WARNING] [Vue warn]: Missing required prop: "title" 
  at <Auth onVnodeUnmounted=fn<onVnodeUnmounted> ref=Ref< undefined > > 
  at <RouterView> 
  at <App> @ http://localhost:5174/node_modules/.vite/deps/chunk-U3LI7FBV.js?v=8bba344b:2115
[68127887ms] [VERBOSE] [DOM] Input elements should have autocomplete attributes (suggested: "current-password"): (More info: https://goo.gl/9p2vKq) %o @ http://localhost:5174/auth/login:0
[68349527ms] [WARNING] [Vue warn]: Missing required prop: "title" 
  at <Auth onVnodeUnmounted=fn<onVnodeUnmounted> ref=Ref< undefined > > 
  at <RouterView> 
  at <App> @ http://localhost:5174/node_modules/.vite/deps/chunk-U3LI7FBV.js?v=8bba344b:2115
[68349643ms] [VERBOSE] [DOM] Input elements should have autocomplete attributes (suggested: "current-password"): (More info: https://goo.gl/9p2vKq) %o @ http://localhost:5174/auth/login:0
[68393622ms] [WARNING] [Vue warn]: Missing required prop: "title" 
  at <Auth onVnodeUnmounted=fn<onVnodeUnmounted> ref=Ref< undefined > > 
  at <RouterView> 
  at <App> @ http://localhost:5174/node_modules/.vite/deps/chunk-U3LI7FBV.js?v=8bba344b:2115
[68393746ms] [VERBOSE] [DOM] Input elements should have autocomplete attributes (suggested: "current-password"): (More info: https://goo.gl/9p2vKq) %o @ http://localhost:5174/auth/login:0
[68429239ms] [WARNING] [Vue warn]: Missing required prop: "title" 
  at <Auth onVnodeUnmounted=fn<onVnodeUnmounted> ref=Ref< undefined > > 
  at <RouterView> 
  at <App> @ http://localhost:5174/node_modules/.vite/deps/chunk-U3LI7FBV.js?v=8bba344b:2115
[68429350ms] [VERBOSE] [DOM] Input elements should have autocomplete attributes (suggested: "current-password"): (More info: https://goo.gl/9p2vKq) %o @ http://localhost:5174/auth/login:0
[68481144ms] [WARNING] [Vue warn]: Missing required prop: "title" 
  at <Auth onVnodeUnmounted=fn<onVnodeUnmounted> ref=Ref< undefined > > 
  at <RouterView> 
  at <App> @ http://localhost:5174/node_modules/.vite/deps/chunk-U3LI7FBV.js?v=8bba344b:2115
[68481254ms] [VERBOSE] [DOM] Input elements should have autocomplete attributes (suggested: "current-password"): (More info: https://goo.gl/9p2vKq) %o @ http://localhost:5174/auth/login:0
[68505894ms] [WARNING] [Vue warn]: Missing required prop: "title" 
  at <Auth onVnodeUnmounted=fn<onVnodeUnmounted> ref=Ref< undefined > > 
  at <RouterView> 
  at <App> @ http://localhost:5174/node_modules/.vite/deps/chunk-U3LI7FBV.js?v=8bba344b:2115
[68506008ms] [VERBOSE] [DOM] Input elements should have autocomplete attributes (suggested: "current-password"): (More info: https://goo.gl/9p2vKq) %o @ http://localhost:5174/auth/login:0
[68813116ms] [WARNING] [Vue warn]: Missing required prop: "title" 
  at <Auth onVnodeUnmounted=fn<onVnodeUnmounted> ref=Ref< undefined > > 
  at <RouterView> 
  at <App> @ http://localhost:5174/node_modules/.vite/deps/chunk-U3LI7FBV.js?v=8bba344b:2115
[68813236ms] [VERBOSE] [DOM] Input elements should have autocomplete attributes (suggested: "current-password"): (More info: https://goo.gl/9p2vKq) %o @ http://localhost:5174/auth/login:0
[69478506ms] [WARNING] [Vue warn]: Missing required prop: "title" 
  at <Auth onVnodeUnmounted=fn<onVnodeUnmounted> ref=Ref< undefined > > 
  at <RouterView> 
  at <App> @ http://localhost:5174/node_modules/.vite/deps/chunk-U3LI7FBV.js?v=8bba344b:2115
[69478639ms] [VERBOSE] [DOM] Input elements should have autocomplete attributes (suggested: "current-password"): (More info: https://goo.gl/9p2vKq) %o @ http://localhost:5174/auth/login:0
[69481830ms] [WARNING] [Vue warn]: Missing required prop: "title" 
  at <Auth onVnodeUnmounted=fn<onVnodeUnmounted> ref=Ref< undefined > > 
  at <RouterView> 
  at <App> @ http://localhost:5174/node_modules/.vite/deps/chunk-U3LI7FBV.js?v=8bba344b:2115
[69481944ms] [VERBOSE] [DOM] Input elements should have autocomplete attributes (suggested: "current-password"): (More info: https://goo.gl/9p2vKq) %o @ http://localhost:5174/auth/login:0
[69487342ms] [WARNING] [Vue warn]: Missing required prop: "title" 
  at <Auth onVnodeUnmounted=fn<onVnodeUnmounted> ref=Ref< undefined > > 
  at <RouterView> 
  at <App> @ http://localhost:5174/node_modules/.vite/deps/chunk-U3LI7FBV.js?v=8bba344b:2115
[69487457ms] [VERBOSE] [DOM] Input elements should have autocomplete attributes (suggested: "current-password"): (More info: https://goo.gl/9p2vKq) %o @ http://localhost:5174/auth/login:0
[69495772ms] [WARNING] [Vue warn]: Missing required prop: "title" 
  at <Auth onVnodeUnmounted=fn<onVnodeUnmounted> ref=Ref< undefined > > 
  at <RouterView> 
  at <App> @ http://localhost:5174/node_modules/.vite/deps/chunk-U3LI7FBV.js?v=8bba344b:2115
[69495894ms] [VERBOSE] [DOM] Input elements should have autocomplete attributes (suggested: "current-password"): (More info: https://goo.gl/9p2vKq) %o @ http://localhost:5174/auth/login:0
[69509073ms] [WARNING] [Vue warn]: Missing required prop: "title" 
  at <Auth onVnodeUnmounted=fn<onVnodeUnmounted> ref=Ref< undefined > > 
  at <RouterView> 
  at <App> @ http://localhost:5174/node_modules/.vite/deps/chunk-U3LI7FBV.js?v=8bba344b:2115
[69509187ms] [VERBOSE] [DOM] Input elements should have autocomplete attributes (suggested: "current-password"): (More info: https://goo.gl/9p2vKq) %o @ http://localhost:5174/auth/login:0
[69520510ms] [WARNING] [Vue warn]: Missing required prop: "title" 
  at <Auth onVnodeUnmounted=fn<onVnodeUnmounted> ref=Ref< undefined > > 
  at <RouterView> 
  at <App> @ http://localhost:5174/node_modules/.vite/deps/chunk-U3LI7FBV.js?v=8bba344b:2115
[69520623ms] [VERBOSE] [DOM] Input elements should have autocomplete attributes (suggested: "current-password"): (More info: https://goo.gl/9p2vKq) %o @ http://localhost:5174/auth/login:0
[69888071ms] [WARNING] [Vue warn]: Missing required prop: "title" 
  at <Auth onVnodeUnmounted=fn<onVnodeUnmounted> ref=Ref< undefined > > 
  at <RouterView> 
  at <App> @ http://localhost:5174/node_modules/.vite/deps/chunk-U3LI7FBV.js?v=8bba344b:2115
[69888197ms] [VERBOSE] [DOM] Input elements should have autocomplete attributes (suggested: "current-password"): (More info: https://goo.gl/9p2vKq) %o @ http://localhost:5174/auth/login:0
[69975961ms] [WARNING] [Vue warn]: Missing required prop: "title" 
  at <Auth onVnodeUnmounted=fn<onVnodeUnmounted> ref=Ref< undefined > > 
  at <RouterView> 
  at <App> @ http://localhost:5174/node_modules/.vite/deps/chunk-U3LI7FBV.js?v=8bba344b:2115
[69976071ms] [VERBOSE] [DOM] Input elements should have autocomplete attributes (suggested: "current-password"): (More info: https://goo.gl/9p2vKq) %o @ http://localhost:5174/auth/login:0
[69982415ms] [WARNING] [Vue warn]: Missing required prop: "title" 
  at <Auth onVnodeUnmounted=fn<onVnodeUnmounted> ref=Ref< undefined > > 
  at <RouterView> 
  at <App> @ http://localhost:5174/node_modules/.vite/deps/chunk-U3LI7FBV.js?v=8bba344b:2115
[69982533ms] [VERBOSE] [DOM] Input elements should have autocomplete attributes (suggested: "current-password"): (More info: https://goo.gl/9p2vKq) %o @ http://localhost:5174/auth/login:0
[70133104ms] [LOG] [vite] server connection lost. Polling for restart... @ http://localhost:5174/@vite/client:963
[70133141ms] [ERROR] WebSocket connection to 'ws://localhost:5174/' failed: Error in connection establishment: net::ERR_CONNECTION_REFUSED @ http://localhost:5174/@vite/client:1034
[70136901ms] [WARNING] [Vue warn]: Missing required prop: "title" 
  at <Auth onVnodeUnmounted=fn<onVnodeUnmounted> ref=Ref< undefined > > 
  at <RouterView> 
  at <App> @ http://localhost:5174/node_modules/.vite/deps/chunk-U3LI7FBV.js?v=80bcd950:2115
[70137032ms] [VERBOSE] [DOM] Input elements should have autocomplete attributes (suggested: "current-password"): (More info: https://goo.gl/9p2vKq) %o @ http://localhost:5174/auth/login:0
[70580078ms] [LOG] [vite] server connection lost. Polling for restart... @ http://localhost:5174/@vite/client:963
[70584568ms] [WARNING] [Vue warn]: Missing required prop: "title" 
  at <Auth onVnodeUnmounted=fn<onVnodeUnmounted> ref=Ref< undefined > > 
  at <RouterView> 
  at <App> @ http://localhost:5174/node_modules/.vite/deps/chunk-U3LI7FBV.js?v=80bcd950:2115
[70584710ms] [VERBOSE] [DOM] Input elements should have autocomplete attributes (suggested: "current-password"): (More info: https://goo.gl/9p2vKq) %o @ http://localhost:5174/auth/login:0
[70640572ms] [LOG] [vite] server connection lost. Polling for restart... @ http://localhost:5174/@vite/client:963
[70640582ms] [ERROR] WebSocket connection to 'ws://localhost:5174/' failed: Error in connection establishment: net::ERR_CONNECTION_REFUSED @ http://localhost:5174/@vite/client:1034
[70649753ms] [WARNING] [Vue warn]: Missing required prop: "title" 
  at <Auth onVnodeUnmounted=fn<onVnodeUnmounted> ref=Ref< undefined > > 
  at <RouterView> 
  at <App> @ http://localhost:5174/node_modules/.vite/deps/chunk-U3LI7FBV.js?v=80bcd950:2115
[70649864ms] [VERBOSE] [DOM] Input elements should have autocomplete attributes (suggested: "current-password"): (More info: https://goo.gl/9p2vKq) %o @ http://localhost:5174/auth/login:0
[71509793ms] [WARNING] [Vue warn]: Missing required prop: "title" 
  at <Auth onVnodeUnmounted=fn<onVnodeUnmounted> ref=Ref< undefined > > 
  at <RouterView> 
  at <App> @ http://localhost:5174/node_modules/.vite/deps/chunk-U3LI7FBV.js?v=80bcd950:2115
[71510018ms] [VERBOSE] [DOM] Input elements should have autocomplete attributes (suggested: "current-password"): (More info: https://goo.gl/9p2vKq) %o @ http://localhost:5174/auth/login:0
